// Jest Snapshot v1, https://goo.gl/fbAQLP

exports[`renders correctly 1`] = `
<div
  className="sc-htpNat dUyMag"
>
  <label
    className="sc-bwzfXH gHjwmv"
    htmlFor="input"
  >
     
    password
      
  </label>
  <input
    aria-label="input"
    aria-required="true"
    className="sc-bdVaJa gbFaYM"
    id="input"
    label="password"
    type="password"
  />
</div>
`;
