// Jest Snapshot v1, https://goo.gl/fbAQLP

exports[`test to match snapshot 1`] = `
<div
  class="d-flex justify-content-around"
  data-testid="image-card"
>
  <div
    class="sc-bdVaJa kvoOeF"
  >
    <img
      alt="different-views"
      src="https://res.cloudinary.com/decagonbouncer/image/upload/v1579183235/bouncer-frontend/side-view-beat-solo_nbuw8j.webp"
    />
  </div>
  <div
    class="sc-bdVaJa kvoOeF"
  >
    <img
      alt="different-views"
      src="https://res.cloudinary.com/decagonbouncer/image/upload/v1579183235/bouncer-frontend/beat-solo-partial-view_kkd1ga.webp"
    />
  </div>
  <div
    class="sc-bdVaJa kvoOeF"
  >
    <img
      alt="different-views"
      src="https://res.cloudinary.com/decagonbouncer/image/upload/v1579183235/bouncer-frontend/beat-solo-view_ayz1ye.webp"
    />
  </div>
  <div
    class="sc-bdVaJa kvoOeF"
  >
    <img
      alt="different-views"
      src="https://res.cloudinary.com/decagonbouncer/image/upload/v1579183119/bouncer-frontend/fold-beat-solo_b8hceq.webp"
    />
  </div>
</div>
`;
